
[1m[46m RUN [49m[22m [36mv4.0.15 [39m[90mC:/Users/mooya/develop/test[39m

[90mstdout[2m | src/tests/EcoSpawnFix.test.js
[22m[39m[DEBUG] Building.ts loaded

[90mstdout[2m | src/tests/EcoSpawnFix.test.js
[22m[39m[DEBUG] Terrain.ts top-level load

[90mstdout[2m | src/tests/EcoSpawnFix.test.js
[22m[39m[DEBUG] Actor.ts loaded

[90mstdout[2m | src/tests/EcoSpawnFix.test.js
[22m[39m[DEBUG] Goblin.ts loaded

[90mstdout[2m | src/tests/EcoSpawnFix.test.js
[22m[39m[Import Debug] Raid: function, Combat: function, Wander: function

[90mstdout[2m | src/tests/EcoSpawnFix.test.js
[22m[39m[DEBUG] Game.ts top-level load

[90mstdout[2m | src/tests/EcoSpawnFix.test.js[2m > [22m[2mEconomy and Spawning Fix Verification[2m > [22m[2mshould produce grain from farms
[22m[39m[Terrain] Constructor. updatePopulation type: function
[Game] Init SphereGeometry
[Game] Minimal/Override Init Start
[Game FORCE CONST 1] Assigning terrainOverride to this.terrain
[Game] Init CloudManager
[Game] Init BirdManager
[Game] Init SheepManager
Resetting SheepManager...
[Entity 0] CONSTRUCTOR START: type=sheep at 8,20
[Entity 0] Calling registerEntity...
[Entity 0] registerEntity returned.
[Entity 0] Calling updatePosition...
[Entity 0] updatePosition returned.
[DIAG] Actor Created ID: 0
[DIAG] Actor smartMove type: function
[DIAG] Actor smartMove body snapshot: smartMove(tx, tz, time, depth = 0) {
    if (isNaN(tx) || isNaN(tz)) {
      console.error(`[Actor $
[Actor 0] CHANGE STATE: None -> SheepWander Request:null 
[Entity 1] CONSTRUCTOR START: type=sheep at 25,71
[Entity 1] Calling registerEntity...
[Entity 1] registerEntity returned.
[Entity 1] Calling updatePosition...
[Entity 1] updatePosition returned.
[DIAG] Actor Created ID: 1
[DIAG] Actor smartMove type: function
[DIAG] Actor smartMove body snapshot: smartMove(tx, tz, time, depth = 0) {
    if (isNaN(tx) || isNaN(tz)) {
      console.error(`[Actor $
[Entity 2] CONSTRUCTOR START: type=sheep at 49,30
[Entity 2] Calling registerEntity...
[Entity 2] registerEntity returned.
[Entity 2] Calling updatePosition...
[Entity 2] updatePosition returned.
[DIAG] Actor Created ID: 2
[DIAG] Actor smartMove type: function
[DIAG] Actor smartMove body snapshot: smartMove(tx, tz, time, depth = 0) {
    if (isNaN(tx) || isNaN(tz)) {
      console.error(`[Actor $
[Entity 3] CONSTRUCTOR START: type=sheep at 32,30
[Entity 3] Calling registerEntity...
[Entity 3] registerEntity returned.
[Entity 3] Calling updatePosition...
[Entity 3] updatePosition returned.
[DIAG] Actor Created ID: 3
[DIAG] Actor smartMove type: function
[DIAG] Actor smartMove body snapshot: smartMove(tx, tz, time, depth = 0) {
    if (isNaN(tx) || isNaN(tz)) {
      console.error(`[Actor $
[Entity 4] CONSTRUCTOR START: type=sheep at 78,68
[Entity 4] Calling registerEntity...
[Entity 4] registerEntity returned.
[Entity 4] Calling updatePosition...
[Entity 4] updatePosition returned.
[DIAG] Actor Created ID: 4
[DIAG] Actor smartMove type: function
[DIAG] Actor smartMove body snapshot: smartMove(tx, tz, time, depth = 0) {
    if (isNaN(tx) || isNaN(tz)) {
      console.error(`[Actor $
[Entity 5] CONSTRUCTOR START: type=sheep at 13,4
[Entity 5] Calling registerEntity...
[Entity 5] registerEntity returned.
[Entity 5] Calling updatePosition...
[Entity 5] updatePosition returned.
[DIAG] Actor Created ID: 5
[DIAG] Actor smartMove type: function
[DIAG] Actor smartMove body snapshot: smartMove(tx, tz, time, depth = 0) {
    if (isNaN(tx) || isNaN(tz)) {
      console.error(`[Actor $
[Entity 6] CONSTRUCTOR START: type=sheep at 58,14
[Entity 6] Calling registerEntity...
[Entity 6] registerEntity returned.
[Entity 6] Calling updatePosition...
[Entity 6] updatePosition returned.
[DIAG] Actor Created ID: 6
[DIAG] Actor smartMove type: function
[DIAG] Actor smartMove body snapshot: smartMove(tx, tz, time, depth = 0) {
    if (isNaN(tx) || isNaN(tz)) {
      console.error(`[Actor $
[Entity 7] CONSTRUCTOR START: type=sheep at 17,7
[Entity 7] Calling registerEntity...
[Entity 7] registerEntity returned.
[Entity 7] Calling updatePosition...
[Entity 7] updatePosition returned.
[DIAG] Actor Created ID: 7
[DIAG] Actor smartMove type: function
[DIAG] Actor smartMove body snapshot: smartMove(tx, tz, time, depth = 0) {
    if (isNaN(tx) || isNaN(tz)) {
      console.error(`[Actor $
[Entity 8] CONSTRUCTOR START: type=sheep at 65,69
[Entity 8] Calling registerEntity...
[Entity 8] registerEntity returned.
[Entity 8] Calling updatePosition...
[Entity 8] updatePosition returned.
[DIAG] Actor Created ID: 8
[DIAG] Actor smartMove type: function
[DIAG] Actor smartMove body snapshot: smartMove(tx, tz, time, depth = 0) {
    if (isNaN(tx) || isNaN(tz)) {
      console.error(`[Actor $
[Entity 9] CONSTRUCTOR START: type=sheep at 1,38
[Entity 9] Calling registerEntity...
[Entity 9] registerEntity returned.
[Entity 9] Calling updatePosition...
[Entity 9] updatePosition returned.
[DIAG] Actor Created ID: 9
[DIAG] Actor smartMove type: function
[DIAG] Actor smartMove body snapshot: smartMove(tx, tz, time, depth = 0) {
    if (isNaN(tx) || isNaN(tz)) {
      console.error(`[Actor $
[Game] Init GoblinManager
[GoblinManager] 5蛟九・豢樒ｪ溘ｒ逕滓・荳ｭ...
[GoblinManager] DETERMINISM: generateCaves start. rngState=0
[GoblinManager] DETERMINISM: Attempt 1: Rnd(0.598066, 0.342461) -> Grid(47, 27) rngState=0
[Entity 10] CONSTRUCTOR START: type=building at 47,27
[Entity 10] Calling registerEntity...
[Entity 10] registerEntity returned.
[Entity 10] Calling updatePosition...
[Entity 10] updatePosition returned.
GoblinManager: Cave registered at 47,27 
[GoblinManager] DETERMINISM: Attempt 2: Rnd(0.247964, 0.733542) -> Grid(19, 58) rngState=0
[Entity 11] CONSTRUCTOR START: type=building at 19,58
[Entity 11] Calling registerEntity...
[Entity 11] registerEntity returned.
[Entity 11] Calling updatePosition...
[Entity 11] updatePosition returned.
GoblinManager: Cave registered at 19,58 
[GoblinManager] DETERMINISM: Attempt 3: Rnd(0.102399, 0.162636) -> Grid(8, 13) rngState=0
[Entity 12] CONSTRUCTOR START: type=building at 8,13
[Entity 12] Calling registerEntity...
[Entity 12] registerEntity returned.
[Entity 12] Calling updatePosition...
[Entity 12] updatePosition returned.
GoblinManager: Cave registered at 8,13 
[Entity 13] CONSTRUCTOR START: type=building at 6,61
[Entity 13] Calling registerEntity...
[Entity 13] registerEntity returned.
[Entity 13] Calling updatePosition...
[Entity 13] updatePosition returned.
GoblinManager: Cave registered at 6,61 
[Entity 14] CONSTRUCTOR START: type=building at 54,72
[Entity 14] Calling registerEntity...
[Entity 14] registerEntity returned.
[Entity 14] Calling updatePosition...
[Entity 14] updatePosition returned.
GoblinManager: Cave registered at 54,72 
[GoblinManager] 豢樒ｪ溽函謌仙ｮ御ｺ・ 5/5 (隧ｦ陦悟屓謨ｰ: 5)
GoblinManager: Force spawning Debug Goblin
[Game] Init FishManager
Resetting FishManager...
Spawned initial fish.
FishManager Refactored: Initialized with Entity-based Fish.
[Game] Init Minimap
[Game] Init Compass
[Game] Init WeatherManager
[Game] Init SeaDecorationRenderer
[Game] Init UnitRenderer
[Game] Init BuildingRenderer
[Game] Init GoblinRenderer
[Game] Init TreeRenderer
[Game] Init PerformanceMonitor
[Game] Generating Initial Preview World...
[Game] Regenerating World...
[Terrain] DETERMINISM: generateRandomTerrain seed=0.505438 intSeed=1085418842 rngState=1085418842

[90mstdout[2m | src/tests/EcoSpawnFix.test.js[2m > [22m[2mEconomy and Spawning Fix Verification[2m > [22m[2mshould allow goblin huts to reach spawn threshold
[22m[39mDisposing detached game instance
[Game] Dispose called for Game Instance.
[Terrain] Dispose called.

[90mstdout[2m | src/tests/EcoSpawnFix.test.js[2m > [22m[2mEconomy and Spawning Fix Verification[2m > [22m[2mshould allow goblin huts to reach spawn threshold
[22m[39m[Terrain] Constructor. updatePopulation type: function
[Game] Init SphereGeometry
[Game] Minimal/Override Init Start
[Game FORCE CONST 2] Assigning terrainOverride to this.terrain
[Game] Init CloudManager
[Game] Init BirdManager
[Game] Init SheepManager
Resetting SheepManager...
[Entity 15] CONSTRUCTOR START: type=sheep at 13,20
[Entity 15] Calling registerEntity...
[Entity 15] registerEntity returned.
[Entity 15] Calling updatePosition...
[Entity 15] updatePosition returned.
[DIAG] Actor Created ID: 15
[DIAG] Actor smartMove type: function
[DIAG] Actor smartMove body snapshot: smartMove(tx, tz, time, depth = 0) {
    if (isNaN(tx) || isNaN(tz)) {
      console.error(`[Actor $
[Entity 16] CONSTRUCTOR START: type=sheep at 63,62
[Entity 16] Calling registerEntity...
[Entity 16] registerEntity returned.
[Entity 16] Calling updatePosition...
[Entity 16] updatePosition returned.
[DIAG] Actor Created ID: 16
[DIAG] Actor smartMove type: function
[DIAG] Actor smartMove body snapshot: smartMove(tx, tz, time, depth = 0) {
    if (isNaN(tx) || isNaN(tz)) {
      console.error(`[Actor $
[Entity 17] CONSTRUCTOR START: type=sheep at 75,34
[Entity 17] Calling registerEntity...
[Entity 17] registerEntity returned.
[Entity 17] Calling updatePosition...
[Entity 17] updatePosition returned.
[DIAG] Actor Created ID: 17
[DIAG] Actor smartMove type: function
[DIAG] Actor smartMove body snapshot: smartMove(tx, tz, time, depth = 0) {
    if (isNaN(tx) || isNaN(tz)) {
      console.error(`[Actor $
[Entity 18] CONSTRUCTOR START: type=sheep at 72,16
[Entity 18] Calling registerEntity...
[Entity 18] registerEntity returned.
[Entity 18] Calling updatePosition...
[Entity 18] updatePosition returned.
[DIAG] Actor Created ID: 18
[DIAG] Actor smartMove type: function
[DIAG] Actor smartMove body snapshot: smartMove(tx, tz, time, depth = 0) {
    if (isNaN(tx) || isNaN(tz)) {
      console.error(`[Actor $
[Entity 19] CONSTRUCTOR START: type=sheep at 42,38
[Entity 19] Calling registerEntity...
[Entity 19] registerEntity returned.
[Entity 19] Calling updatePosition...
[Entity 19] updatePosition returned.
[DIAG] Actor Created ID: 19
[DIAG] Actor smartMove type: function
[DIAG] Actor smartMove body snapshot: smartMove(tx, tz, time, depth = 0) {
    if (isNaN(tx) || isNaN(tz)) {
      console.error(`[Actor $
[Entity 20] CONSTRUCTOR START: type=sheep at 55,67
[Entity 20] Calling registerEntity...
[Entity 20] registerEntity returned.
[Entity 20] Calling updatePosition...
[Entity 20] updatePosition returned.
[DIAG] Actor Created ID: 20
[DIAG] Actor smartMove type: function
[DIAG] Actor smartMove body snapshot: smartMove(tx, tz, time, depth = 0) {
    if (isNaN(tx) || isNaN(tz)) {
      console.error(`[Actor $
[Entity 21] CONSTRUCTOR START: type=sheep at 35,29
[Entity 21] Calling registerEntity...
[Entity 21] registerEntity returned.
[Entity 21] Calling updatePosition...
[Entity 21] updatePosition returned.
[DIAG] Actor Created ID: 21
[DIAG] Actor smartMove type: function
[DIAG] Actor smartMove body snapshot: smartMove(tx, tz, time, depth = 0) {
    if (isNaN(tx) || isNaN(tz)) {
      console.error(`[Actor $
[Entity 22] CONSTRUCTOR START: type=sheep at 58,18
[Entity 22] Calling registerEntity...
[Entity 22] registerEntity returned.
[Entity 22] Calling updatePosition...
[Entity 22] updatePosition returned.
[DIAG] Actor Created ID: 22
[DIAG] Actor smartMove type: function
[DIAG] Actor smartMove body snapshot: smartMove(tx, tz, time, depth = 0) {
    if (isNaN(tx) || isNaN(tz)) {
      console.error(`[Actor $
[Entity 23] CONSTRUCTOR START: type=sheep at 17,67
[Entity 23] Calling registerEntity...
[Entity 23] registerEntity returned.
[Entity 23] Calling updatePosition...
[Entity 23] updatePosition returned.
[DIAG] Actor Created ID: 23
[DIAG] Actor smartMove type: function
[DIAG] Actor smartMove body snapshot: smartMove(tx, tz, time, depth = 0) {
    if (isNaN(tx) || isNaN(tz)) {
      console.error(`[Actor $
[Entity 24] CONSTRUCTOR START: type=sheep at 65,15
[Entity 24] Calling registerEntity...
[Entity 24] registerEntity returned.
[Entity 24] Calling updatePosition...
[Entity 24] updatePosition returned.
[DIAG] Actor Created ID: 24
[DIAG] Actor smartMove type: function
[DIAG] Actor smartMove body snapshot: smartMove(tx, tz, time, depth = 0) {
    if (isNaN(tx) || isNaN(tz)) {
      console.error(`[Actor $
[Game] Init GoblinManager
[GoblinManager] 5蛟九・豢樒ｪ溘ｒ逕滓・荳ｭ...
[GoblinManager] DETERMINISM: generateCaves start. rngState=0
[GoblinManager] DETERMINISM: Attempt 1: Rnd(0.032229, 0.639143) -> Grid(2, 51) rngState=0
[Entity 25] CONSTRUCTOR START: type=building at 2,51
[Entity 25] Calling registerEntity...
[Entity 25] registerEntity returned.
[Entity 25] Calling updatePosition...
[Entity 25] updatePosition returned.
GoblinManager: Cave registered at 2,51 
[GoblinManager] DETERMINISM: Attempt 2: Rnd(0.318723, 0.867266) -> Grid(25, 69) rngState=0
[Entity 26] CONSTRUCTOR START: type=building at 25,69
[Entity 26] Calling registerEntity...
[Entity 26] registerEntity returned.
[Entity 26] Calling updatePosition...
[Entity 26] updatePosition returned.
GoblinManager: Cave registered at 25,69 
[GoblinManager] DETERMINISM: Attempt 3: Rnd(0.646432, 0.449520) -> Grid(51, 35) rngState=0
[Entity 27] CONSTRUCTOR START: type=building at 51,35
[Entity 27] Calling registerEntity...
[Entity 27] registerEntity returned.
[Entity 27] Calling updatePosition...
[Entity 27] updatePosition returned.
GoblinManager: Cave registered at 51,35 
[Entity 28] CONSTRUCTOR START: type=building at 39,42
[Entity 28] Calling registerEntity...
[Entity 28] registerEntity returned.
[Entity 28] Calling updatePosition...
[Entity 28] updatePosition returned.
GoblinManager: Cave registered at 39,42 
[Entity 29] CONSTRUCTOR START: type=building at 27,31
[Entity 29] Calling registerEntity...
[Entity 29] registerEntity returned.
[Entity 29] Calling updatePosition...
[Entity 29] updatePosition returned.
GoblinManager: Cave registered at 27,31 
[GoblinManager] 豢樒ｪ溽函謌仙ｮ御ｺ・ 5/5 (隧ｦ陦悟屓謨ｰ: 5)
GoblinManager: Force spawning Debug Goblin
[Game] Init FishManager
Resetting FishManager...
Spawned initial fish.
FishManager Refactored: Initialized with Entity-based Fish.
[Game] Init Minimap
[Game] Init Compass
[Game] Init WeatherManager
[Game] Init SeaDecorationRenderer
[Game] Init UnitRenderer
[Game] Init BuildingRenderer
[Game] Init GoblinRenderer
[Game] Init TreeRenderer
[Game] Init PerformanceMonitor
[Game] Generating Initial Preview World...
[Game] Regenerating World...
[Terrain] DETERMINISM: generateRandomTerrain seed=0.750324 intSeed=1611309199 rngState=1611309199

 [31m笶ｯ[39m src/tests/EcoSpawnFix.test.js [2m([22m[2m2 tests[22m[2m | [22m[31m2 failed[39m[2m)[22m[32m 276[2mms[22m[39m
[31m     [31mﾃ・[31m should produce grain from farms[39m[32m 157[2mms[22m[39m
[31m     [31mﾃ・[31m should allow goblin huts to reach spawn threshold[39m[32m 115[2mms[22m[39m
[90mstdout[2m | Terrain.generateTrees (C:\Users\mooya\develop\test\src\Terrain.ts:1271:17)
[22m[39m[Terrain] Generated 267 trees (Preview=false, Density=0.2).


[2m Test Files [22m [1m[31m1 failed[39m[22m[90m (1)[39m
[2m      Tests [22m [1m[31m2 failed[39m[22m[90m (2)[39m
[2m   Start at [22m 22:17:32
[2m   Duration [22m 1.79s[2m (transform 607ms, setup 114ms, import 666ms, tests 276ms, environment 460ms)[22m

[90mstdout[2m | Terrain.syncToWorker (C:\Users\mooya\develop\test\src\Terrain.ts:675:17)
[22m[39m[Terrain] Synced Grid to Pathfinding Worker.

[90mstdout[2m | Game.clearEntities (C:\Users\mooya\develop\test\src\Game.ts:2928:17)
[22m[39m[Game] Clearing Entities...

[90mstdout[2m | GoblinManager.reset (C:\Users\mooya\develop\test\src\GoblinManager.js:43:17)
[22m[39mResetting GoblinManager...
Resetting GoblinManager...

[90mstdout[2m | GoblinManager.generateCaves (C:\Users\mooya\develop\test\src\GoblinManager.js:108:17)
[22m[39m[GoblinManager] 1蛟九・豢樒ｪ溘ｒ逕滓・荳ｭ...

[90mstdout[2m | GoblinManager.generateCaves (C:\Users\mooya\develop\test\src\GoblinManager.js:115:17)
[22m[39m[GoblinManager] DETERMINISM: generateCaves start. rngState=1611309199

[90mstdout[2m | GoblinManager.generateCaves (C:\Users\mooya\develop\test\src\GoblinManager.js:122:40)
[22m[39m[GoblinManager] DETERMINISM: Attempt 1: Rnd(0.700782, 0.051197) -> Grid(56, 4) rngState=109944495

[90mstdout[2m | Terrain.removeTreesAt (C:\Users\mooya\develop\test\src\Terrain.ts:2346:21)
[22m[39m[Terrain] Removed 1 trees at 56,4 (size 1)

[90mstdout[2m | GoblinManager.createCave (C:\Users\mooya\develop\test\src\GoblinManager.js:207:21)
[22m[39mGoblinManager: Cave registered at 56,4 

[90mstdout[2m | GoblinManager.generateCaves (C:\Users\mooya\develop\test\src\GoblinManager.js:130:17)
[22m[39m[GoblinManager] 豢樒ｪ溽函謌仙ｮ御ｺ・ 1/1 (隧ｦ陦悟屓謨ｰ: 1)

[90mstdout[2m | SheepManager.reset (C:\Users\mooya\develop\test\src\SheepManager.js:26:17)
[22m[39mResetting SheepManager...

[90mstdout[2m | FishManager.reset (C:\Users\mooya\develop\test\src\FishManager.js:22:17)
[22m[39mResetting FishManager...

[90mstdout[2m | new Entity (C:\Users\mooya\develop\test\src\Entity.ts:56:17)
[22m[39m[Entity 30] CONSTRUCTOR START: type=building at 56,4
[Entity 31] CONSTRUCTOR START: type=sheep at 53,1
[Entity 32] CONSTRUCTOR START: type=sheep at 44,7
[Entity 33] CONSTRUCTOR START: type=sheep at 76,29
[Entity 34] CONSTRUCTOR START: type=sheep at 69,69
[Entity 35] CONSTRUCTOR START: type=sheep at 69,32
[Entity 36] CONSTRUCTOR START: type=sheep at 54,4
[Entity 37] CONSTRUCTOR START: type=sheep at 35,30
[Entity 38] CONSTRUCTOR START: type=sheep at 68,7
[Entity 39] CONSTRUCTOR START: type=sheep at 54,3
[Entity 40] CONSTRUCTOR START: type=sheep at 26,12
[Entity 41] CONSTRUCTOR START: type=fish at 35,49
[Entity 42] CONSTRUCTOR START: type=fish at 20,71
[Entity 43] CONSTRUCTOR START: type=fish at 33,60
[Entity 44] CONSTRUCTOR START: type=fish at 69,13
[Entity 45] CONSTRUCTOR START: type=fish at 25,41
[Entity 46] CONSTRUCTOR START: type=fish at 36,28
[Entity 47] CONSTRUCTOR START: type=fish at 70,30
[Entity 48] CONSTRUCTOR START: type=fish at 29,43
[Entity 49] CONSTRUCTOR START: type=fish at 48,14
[Entity 50] CONSTRUCTOR START: type=fish at 27,77
[Entity 51] CONSTRUCTOR START: type=fish at 60,17
[Entity 52] CONSTRUCTOR START: type=fish at 48,21
[Entity 53] CONSTRUCTOR START: type=fish at 7,60
[Entity 54] CONSTRUCTOR START: type=fish at 65,26
[Entity 55] CONSTRUCTOR START: type=fish at 32,52
[Entity 56] CONSTRUCTOR START: type=fish at 18,30
[Entity 57] CONSTRUCTOR START: type=fish at 70,29
[Entity 58] CONSTRUCTOR START: type=fish at 66,13
[Entity 59] CONSTRUCTOR START: type=fish at 74,56
[Entity 60] CONSTRUCTOR START: type=fish at 51,17
[Entity 61] CONSTRUCTOR START: type=fish at 35,76
[Entity 62] CONSTRUCTOR START: type=fish at 42,25
[Entity 63] CONSTRUCTOR START: type=fish at 49,17
[Entity 64] CONSTRUCTOR START: type=fish at 3,69
[Entity 65] CONSTRUCTOR START: type=fish at 76,70
[Entity 66] CONSTRUCTOR START: type=fish at 30,9
[Entity 67] CONSTRUCTOR START: type=fish at 36,58
[Entity 68] CONSTRUCTOR START: type=fish at 34,59
[Entity 69] CONSTRUCTOR START: type=fish at 43,20
[Entity 70] CONSTRUCTOR START: type=fish at 69,53
[Entity 71] CONSTRUCTOR START: type=fish at 62,49
[Entity 72] CONSTRUCTOR START: type=fish at 66,31
[Entity 73] CONSTRUCTOR START: type=fish at 7,60
[Entity 74] CONSTRUCTOR START: type=fish at 51,10
[Entity 75] CONSTRUCTOR START: type=fish at 59,44
[Entity 76] CONSTRUCTOR START: type=fish at 67,13
[Entity 77] CONSTRUCTOR START: type=fish at 27,55
[Entity 78] CONSTRUCTOR START: type=fish at 35,60
[Entity 79] CONSTRUCTOR START: type=fish at 70,22
[Entity 80] CONSTRUCTOR START: type=fish at 33,64
[Entity 81] CONSTRUCTOR START: type=fish at 69,48
[Entity 82] CONSTRUCTOR START: type=fish at 60,45
[Entity 83] CONSTRUCTOR START: type=fish at 66,19
[Entity 84] CONSTRUCTOR START: type=fish at 61,54
[Entity 85] CONSTRUCTOR START: type=fish at 79,66
[Entity 86] CONSTRUCTOR START: type=fish at 69,29
[Entity 87] CONSTRUCTOR START: type=fish at 79,43
[Entity 88] CONSTRUCTOR START: type=fish at 35,61
[Entity 89] CONSTRUCTOR START: type=fish at 53,23
[Entity 90] CONSTRUCTOR START: type=fish at 57,33
[Entity 91] CONSTRUCTOR START: type=fish at 47,7
[Entity 92] CONSTRUCTOR START: type=fish at 3,60
[Entity 93] CONSTRUCTOR START: type=fish at 39,23
[Entity 94] CONSTRUCTOR START: type=fish at 31,46
[Entity 95] CONSTRUCTOR START: type=fish at 34,41
[Entity 96] CONSTRUCTOR START: type=fish at 33,6
[Entity 97] CONSTRUCTOR START: type=fish at 62,37
[Entity 98] CONSTRUCTOR START: type=fish at 29,75
[Entity 99] CONSTRUCTOR START: type=fish at 15,34
[Entity 100] CONSTRUCTOR START: type=fish at 62,43
[Entity 101] CONSTRUCTOR START: type=fish at 38,50
[Entity 102] CONSTRUCTOR START: type=fish at 35,48
[Entity 103] CONSTRUCTOR START: type=fish at 7,60
[Entity 104] CONSTRUCTOR START: type=fish at 74,39
[Entity 105] CONSTRUCTOR START: type=fish at 33,62
[Entity 106] CONSTRUCTOR START: type=fish at 38,58
[Entity 107] CONSTRUCTOR START: type=fish at 7,58
[Entity 108] CONSTRUCTOR START: type=fish at 59,43
[Entity 109] CONSTRUCTOR START: type=fish at 78,62
[Entity 110] CONSTRUCTOR START: type=fish at 48,15
[Entity 111] CONSTRUCTOR START: type=fish at 49,5
[Entity 112] CONSTRUCTOR START: type=fish at 11,73
[Entity 113] CONSTRUCTOR START: type=fish at 73,36
[Entity 114] CONSTRUCTOR START: type=fish at 44,25
[Entity 115] CONSTRUCTOR START: type=fish at 66,13

[90mstdout[2m | new Entity (C:\Users\mooya\develop\test\src\Entity.ts:89:21)
[22m[39m[Entity 30] Calling registerEntity...
[Entity 31] Calling registerEntity...
[Entity 32] Calling registerEntity...
[Entity 33] Calling registerEntity...
[Entity 34] Calling registerEntity...
[Entity 35] Calling registerEntity...
[Entity 36] Calling registerEntity...
[Entity 37] Calling registerEntity...
[Entity 38] Calling registerEntity...
[Entity 39] Calling registerEntity...
[Entity 40] Calling registerEntity...
[Entity 41] Calling registerEntity...
[Entity 42] Calling registerEntity...
[Entity 43] Calling registerEntity...
[Entity 44] Calling registerEntity...
[Entity 45] Calling registerEntity...
[Entity 46] Calling registerEntity...
[Entity 47] Calling registerEntity...
[Entity 48] Calling registerEntity...
[Entity 49] Calling registerEntity...
[Entity 50] Calling registerEntity...
[Entity 51] Calling registerEntity...
[Entity 52] Calling registerEntity...
[Entity 53] Calling registerEntity...
[Entity 54] Calling registerEntity...
[Entity 55] Calling registerEntity...
[Entity 56] Calling registerEntity...
[Entity 57] Calling registerEntity...
[Entity 58] Calling registerEntity...
[Entity 59] Calling registerEntity...
[Entity 60] Calling registerEntity...
[Entity 61] Calling registerEntity...
[Entity 62] Calling registerEntity...
[Entity 63] Calling registerEntity...
[Entity 64] Calling registerEntity...
[Entity 65] Calling registerEntity...
[Entity 66] Calling registerEntity...
[Entity 67] Calling registerEntity...
[Entity 68] Calling registerEntity...
[Entity 69] Calling registerEntity...
[Entity 70] Calling registerEntity...
[Entity 71] Calling registerEntity...
[Entity 72] Calling registerEntity...
[Entity 73] Calling registerEntity...
[Entity 74] Calling registerEntity...
[Entity 75] Calling registerEntity...
[Entity 76] Calling registerEntity...
[Entity 77] Calling registerEntity...
[Entity 78] Calling registerEntity...
[Entity 79] Calling registerEntity...
[Entity 80] Calling registerEntity...
[Entity 81] Calling registerEntity...
[Entity 82] Calling registerEntity...
[Entity 83] Calling registerEntity...
[Entity 84] Calling registerEntity...
[Entity 85] Calling registerEntity...
[Entity 86] Calling registerEntity...
[Entity 87] Calling registerEntity...
[Entity 88] Calling registerEntity...
[Entity 89] Calling registerEntity...
[Entity 90] Calling registerEntity...
[Entity 91] Calling registerEntity...
[Entity 92] Calling registerEntity...
[Entity 93] Calling registerEntity...
[Entity 94] Calling registerEntity...
[Entity 95] Calling registerEntity...
[Entity 96] Calling registerEntity...
[Entity 97] Calling registerEntity...
[Entity 98] Calling registerEntity...
[Entity 99] Calling registerEntity...
[Entity 100] Calling registerEntity...
[Entity 101] Calling registerEntity...
[Entity 102] Calling registerEntity...
[Entity 103] Calling registerEntity...
[Entity 104] Calling registerEntity...
[Entity 105] Calling registerEntity...
[Entity 106] Calling registerEntity...
[Entity 107] Calling registerEntity...
[Entity 108] Calling registerEntity...
[Entity 109] Calling registerEntity...
[Entity 110] Calling registerEntity...
[Entity 111] Calling registerEntity...
[Entity 112] Calling registerEntity...
[Entity 113] Calling registerEntity...
[Entity 114] Calling registerEntity...
[Entity 115] Calling registerEntity...

[90mstdout[2m | new Entity (C:\Users\mooya\develop\test\src\Entity.ts:91:21)
[22m[39m[Entity 30] registerEntity returned.
[Entity 31] registerEntity returned.
[Entity 32] registerEntity returned.
[Entity 33] registerEntity returned.
[Entity 34] registerEntity returned.
[Entity 35] registerEntity returned.
[Entity 36] registerEntity returned.
[Entity 37] registerEntity returned.
[Entity 38] registerEntity returned.
[Entity 39] registerEntity returned.
[Entity 40] registerEntity returned.
[Entity 41] registerEntity returned.
[Entity 42] registerEntity returned.
[Entity 43] registerEntity returned.
[Entity 44] registerEntity returned.
[Entity 45] registerEntity returned.
[Entity 46] registerEntity returned.
[Entity 47] registerEntity returned.
[Entity 48] registerEntity returned.
[Entity 49] registerEntity returned.
[Entity 50] registerEntity returned.
[Entity 51] registerEntity returned.
[Entity 52] registerEntity returned.
[Entity 53] registerEntity returned.
[Entity 54] registerEntity returned.
[Entity 55] registerEntity returned.
[Entity 56] registerEntity returned.
[Entity 57] registerEntity returned.
[Entity 58] registerEntity returned.
[Entity 59] registerEntity returned.
[Entity 60] registerEntity returned.
[Entity 61] registerEntity returned.
[Entity 62] registerEntity returned.
[Entity 63] registerEntity returned.
[Entity 64] registerEntity returned.
[Entity 65] registerEntity returned.
[Entity 66] registerEntity returned.
[Entity 67] registerEntity returned.
[Entity 68] registerEntity returned.
[Entity 69] registerEntity returned.
[Entity 70] registerEntity returned.
[Entity 71] registerEntity returned.
[Entity 72] registerEntity returned.
[Entity 73] registerEntity returned.
[Entity 74] registerEntity returned.
[Entity 75] registerEntity returned.
[Entity 76] registerEntity returned.
[Entity 77] registerEntity returned.
[Entity 78] registerEntity returned.
[Entity 79] registerEntity returned.
[Entity 80] registerEntity returned.
[Entity 81] registerEntity returned.
[Entity 82] registerEntity returned.
[Entity 83] registerEntity returned.
[Entity 84] registerEntity returned.
[Entity 85] registerEntity returned.
[Entity 86] registerEntity returned.
[Entity 87] registerEntity returned.
[Entity 88] registerEntity returned.
[Entity 89] registerEntity returned.
[Entity 90] registerEntity returned.
[Entity 91] registerEntity returned.
[Entity 92] registerEntity returned.
[Entity 93] registerEntity returned.
[Entity 94] registerEntity returned.
[Entity 95] registerEntity returned.
[Entity 96] registerEntity returned.
[Entity 97] registerEntity returned.
[Entity 98] registerEntity returned.
[Entity 99] registerEntity returned.
[Entity 100] registerEntity returned.
[Entity 101] registerEntity returned.
[Entity 102] registerEntity returned.
[Entity 103] registerEntity returned.
[Entity 104] registerEntity returned.
[Entity 105] registerEntity returned.
[Entity 106] registerEntity returned.
[Entity 107] registerEntity returned.
[Entity 108] registerEntity returned.
[Entity 109] registerEntity returned.
[Entity 110] registerEntity returned.
[Entity 111] registerEntity returned.
[Entity 112] registerEntity returned.
[Entity 113] registerEntity returned.
[Entity 114] registerEntity returned.
[Entity 115] registerEntity returned.

[90mstdout[2m | new Entity (C:\Users\mooya\develop\test\src\Entity.ts:95:17)
[22m[39m[Entity 30] Calling updatePosition...
[Entity 31] Calling updatePosition...
[Entity 32] Calling updatePosition...
[Entity 33] Calling updatePosition...
[Entity 34] Calling updatePosition...
[Entity 35] Calling updatePosition...
[Entity 36] Calling updatePosition...
[Entity 37] Calling updatePosition...
[Entity 38] Calling updatePosition...
[Entity 39] Calling updatePosition...
[Entity 40] Calling updatePosition...
[Entity 41] Calling updatePosition...
[Entity 42] Calling updatePosition...
[Entity 43] Calling updatePosition...
[Entity 44] Calling updatePosition...
[Entity 45] Calling updatePosition...
[Entity 46] Calling updatePosition...
[Entity 47] Calling updatePosition...
[Entity 48] Calling updatePosition...
[Entity 49] Calling updatePosition...
[Entity 50] Calling updatePosition...
[Entity 51] Calling updatePosition...
[Entity 52] Calling updatePosition...
[Entity 53] Calling updatePosition...
[Entity 54] Calling updatePosition...
[Entity 55] Calling updatePosition...
[Entity 56] Calling updatePosition...
[Entity 57] Calling updatePosition...
[Entity 58] Calling updatePosition...
[Entity 59] Calling updatePosition...
[Entity 60] Calling updatePosition...
[Entity 61] Calling updatePosition...
[Entity 62] Calling updatePosition...
[Entity 63] Calling updatePosition...
[Entity 64] Calling updatePosition...
[Entity 65] Calling updatePosition...
[Entity 66] Calling updatePosition...
[Entity 67] Calling updatePosition...
[Entity 68] Calling updatePosition...
[Entity 69] Calling updatePosition...
[Entity 70] Calling updatePosition...
[Entity 71] Calling updatePosition...
[Entity 72] Calling updatePosition...
[Entity 73] Calling updatePosition...
[Entity 74] Calling updatePosition...
[Entity 75] Calling updatePosition...
[Entity 76] Calling updatePosition...
[Entity 77] Calling updatePosition...
[Entity 78] Calling updatePosition...
[Entity 79] Calling updatePosition...
[Entity 80] Calling updatePosition...
[Entity 81] Calling updatePosition...
[Entity 82] Calling updatePosition...
[Entity 83] Calling updatePosition...
[Entity 84] Calling updatePosition...
[Entity 85] Calling updatePosition...
[Entity 86] Calling updatePosition...
[Entity 87] Calling updatePosition...
[Entity 88] Calling updatePosition...
[Entity 89] Calling updatePosition...
[Entity 90] Calling updatePosition...
[Entity 91] Calling updatePosition...
[Entity 92] Calling updatePosition...
[Entity 93] Calling updatePosition...
[Entity 94] Calling updatePosition...
[Entity 95] Calling updatePosition...
[Entity 96] Calling updatePosition...
[Entity 97] Calling updatePosition...
[Entity 98] Calling updatePosition...
[Entity 99] Calling updatePosition...
[Entity 100] Calling updatePosition...
[Entity 101] Calling updatePosition...
[Entity 102] Calling updatePosition...
[Entity 103] Calling updatePosition...
[Entity 104] Calling updatePosition...
[Entity 105] Calling updatePosition...
[Entity 106] Calling updatePosition...
[Entity 107] Calling updatePosition...
[Entity 108] Calling updatePosition...
[Entity 109] Calling updatePosition...
[Entity 110] Calling updatePosition...
[Entity 111] Calling updatePosition...
[Entity 112] Calling updatePosition...
[Entity 113] Calling updatePosition...
[Entity 114] Calling updatePosition...
[Entity 115] Calling updatePosition...

[90mstdout[2m | new Entity (C:\Users\mooya\develop\test\src\Entity.ts:97:17)
[22m[39m[Entity 30] updatePosition returned.
[Entity 31] updatePosition returned.
[Entity 32] updatePosition returned.
[Entity 33] updatePosition returned.
[Entity 34] updatePosition returned.
[Entity 35] updatePosition returned.
[Entity 36] updatePosition returned.
[Entity 37] updatePosition returned.
[Entity 38] updatePosition returned.
[Entity 39] updatePosition returned.
[Entity 40] updatePosition returned.
[Entity 41] updatePosition returned.
[Entity 42] updatePosition returned.
[Entity 43] updatePosition returned.
[Entity 44] updatePosition returned.
[Entity 45] updatePosition returned.
[Entity 46] updatePosition returned.
[Entity 47] updatePosition returned.
[Entity 48] updatePosition returned.
[Entity 49] updatePosition returned.
[Entity 50] updatePosition returned.
[Entity 51] updatePosition returned.
[Entity 52] updatePosition returned.
[Entity 53] updatePosition returned.
[Entity 54] updatePosition returned.
[Entity 55] updatePosition returned.
[Entity 56] updatePosition returned.
[Entity 57] updatePosition returned.
[Entity 58] updatePosition returned.
[Entity 59] updatePosition returned.
[Entity 60] updatePosition returned.
[Entity 61] updatePosition returned.
[Entity 62] updatePosition returned.
[Entity 63] updatePosition returned.
[Entity 64] updatePosition returned.
[Entity 65] updatePosition returned.
[Entity 66] updatePosition returned.
[Entity 67] updatePosition returned.
[Entity 68] updatePosition returned.
[Entity 69] updatePosition returned.
[Entity 70] updatePosition returned.
[Entity 71] updatePosition returned.
[Entity 72] updatePosition returned.
[Entity 73] updatePosition returned.
[Entity 74] updatePosition returned.
[Entity 75] updatePosition returned.
[Entity 76] updatePosition returned.
[Entity 77] updatePosition returned.
[Entity 78] updatePosition returned.
[Entity 79] updatePosition returned.
[Entity 80] updatePosition returned.
[Entity 81] updatePosition returned.
[Entity 82] updatePosition returned.
[Entity 83] updatePosition returned.
[Entity 84] updatePosition returned.
[Entity 85] updatePosition returned.
[Entity 86] updatePosition returned.
[Entity 87] updatePosition returned.
[Entity 88] updatePosition returned.
[Entity 89] updatePosition returned.
[Entity 90] updatePosition returned.
[Entity 91] updatePosition returned.
[Entity 92] updatePosition returned.
[Entity 93] updatePosition returned.
[Entity 94] updatePosition returned.
[Entity 95] updatePosition returned.
[Entity 96] updatePosition returned.
[Entity 97] updatePosition returned.
[Entity 98] updatePosition returned.
[Entity 99] updatePosition returned.
[Entity 100] updatePosition returned.
[Entity 101] updatePosition returned.
[Entity 102] updatePosition returned.
[Entity 103] updatePosition returned.
[Entity 104] updatePosition returned.
[Entity 105] updatePosition returned.
[Entity 106] updatePosition returned.
[Entity 107] updatePosition returned.
[Entity 108] updatePosition returned.
[Entity 109] updatePosition returned.
[Entity 110] updatePosition returned.
[Entity 111] updatePosition returned.
[Entity 112] updatePosition returned.
[Entity 113] updatePosition returned.
[Entity 114] updatePosition returned.
[Entity 115] updatePosition returned.

[90mstdout[2m | new Actor (C:\Users\mooya\develop\test\src\Actor.ts:83:17)
[22m[39m[DIAG] Actor Created ID: 31
[DIAG] Actor Created ID: 32
[DIAG] Actor Created ID: 33
[DIAG] Actor Created ID: 34
[DIAG] Actor Created ID: 35
[DIAG] Actor Created ID: 36
[DIAG] Actor Created ID: 37
[DIAG] Actor Created ID: 38
[DIAG] Actor Created ID: 39
[DIAG] Actor Created ID: 40
[DIAG] Actor Created ID: 41
[DIAG] Actor Created ID: 42
[DIAG] Actor Created ID: 43
[DIAG] Actor Created ID: 44
[DIAG] Actor Created ID: 45
[DIAG] Actor Created ID: 46
[DIAG] Actor Created ID: 47
[DIAG] Actor Created ID: 48
[DIAG] Actor Created ID: 49
[DIAG] Actor Created ID: 50
[DIAG] Actor Created ID: 51
[DIAG] Actor Created ID: 52
[DIAG] Actor Created ID: 53
[DIAG] Actor Created ID: 54
[DIAG] Actor Created ID: 55
[DIAG] Actor Created ID: 56
[DIAG] Actor Created ID: 57
[DIAG] Actor Created ID: 58
[DIAG] Actor Created ID: 59
[DIAG] Actor Created ID: 60
[DIAG] Actor Created ID: 61
[DIAG] Actor Created ID: 62
[DIAG] Actor Created ID: 63
[DIAG] Actor Created ID: 64
[DIAG] Actor Created ID: 65
[DIAG] Actor Created ID: 66
[DIAG] Actor Created ID: 67
[DIAG] Actor Created ID: 68
[DIAG] Actor Created ID: 69
[DIAG] Actor Created ID: 70
[DIAG] Actor Created ID: 71
[DIAG] Actor Created ID: 72
[DIAG] Actor Created ID: 73
[DIAG] Actor Created ID: 74
[DIAG] Actor Created ID: 75
[DIAG] Actor Created ID: 76
[DIAG] Actor Created ID: 77
[DIAG] Actor Created ID: 78
[DIAG] Actor Created ID: 79
[DIAG] Actor Created ID: 80
[DIAG] Actor Created ID: 81
[DIAG] Actor Created ID: 82
[DIAG] Actor Created ID: 83
[DIAG] Actor Created ID: 84
[DIAG] Actor Created ID: 85
[DIAG] Actor Created ID: 86
[DIAG] Actor Created ID: 87
[DIAG] Actor Created ID: 88
[DIAG] Actor Created ID: 89
[DIAG] Actor Created ID: 90
[DIAG] Actor Created ID: 91
[DIAG] Actor Created ID: 92
[DIAG] Actor Created ID: 93
[DIAG] Actor Created ID: 94
[DIAG] Actor Created ID: 95
[DIAG] Actor Created ID: 96
[DIAG] Actor Created ID: 97
[DIAG] Actor Created ID: 98
[DIAG] Actor Created ID: 99
[DIAG] Actor Created ID: 100
[DIAG] Actor Created ID: 101
[DIAG] Actor Created ID: 102
[DIAG] Actor Created ID: 103
[DIAG] Actor Created ID: 104
[DIAG] Actor Created ID: 105
[DIAG] Actor Created ID: 106
[DIAG] Actor Created ID: 107
[DIAG] Actor Created ID: 108
[DIAG] Actor Created ID: 109
[DIAG] Actor Created ID: 110
[DIAG] Actor Created ID: 111
[DIAG] Actor Created ID: 112
[DIAG] Actor Created ID: 113
[DIAG] Actor Created ID: 114
[DIAG] Actor Created ID: 115

[90mstdout[2m | new Actor (C:\Users\mooya\develop\test\src\Actor.ts:84:17)
[22m[39m[DIAG] Actor smartMove type: function
[DIAG] Actor smartMove type: function
[DIAG] Actor smartMove type: function
[DIAG] Actor smartMove type: function
[DIAG] Actor smartMove type: function
[DIAG] Actor smartMove type: function
[DIAG] Actor smartMove type: function
[DIAG] Actor smartMove type: function
[DIAG] Actor smartMove type: function
[DIAG] Actor smartMove type: function
[DIAG] Actor smartMove type: function
[DIAG] Actor smartMove type: function
[DIAG] Actor smartMove type: function
[DIAG] Actor smartMove type: function
[DIAG] Actor smartMove type: function
[DIAG] Actor smartMove type: function
[DIAG] Actor smartMove type: function
[DIAG] Actor smartMove type: function
[DIAG] Actor smartMove type: function
[DIAG] Actor smartMove type: function
[DIAG] Actor smartMove type: function
[DIAG] Actor smartMove type: function
[DIAG] Actor smartMove type: function
[DIAG] Actor smartMove type: function
[DIAG] Actor smartMove type: function
[DIAG] Actor smartMove type: function
[DIAG] Actor smartMove type: function
[DIAG] Actor smartMove type: function
[DIAG] Actor smartMove type: function
[DIAG] Actor smartMove type: function
[DIAG] Actor smartMove type: function
[DIAG] Actor smartMove type: function
[DIAG] Actor smartMove type: function
[DIAG] Actor smartMove type: function
[DIAG] Actor smartMove type: function
[DIAG] Actor smartMove type: function
[DIAG] Actor smartMove type: function
[DIAG] Actor smartMove type: function
[DIAG] Actor smartMove type: function
[DIAG] Actor smartMove type: function
[DIAG] Actor smartMove type: function
[DIAG] Actor smartMove type: function
[DIAG] Actor smartMove type: function
[DIAG] Actor smartMove type: function
[DIAG] Actor smartMove type: function
[DIAG] Actor smartMove type: function
[DIAG] Actor smartMove type: function
[DIAG] Actor smartMove type: function
[DIAG] Actor smartMove type: function
[DIAG] Actor smartMove type: function
[DIAG] Actor smartMove type: function
[DIAG] Actor smartMove type: function
[DIAG] Actor smartMove type: function
[DIAG] Actor smartMove type: function
[DIAG] Actor smartMove type: function
[DIAG] Actor smartMove type: function
[DIAG] Actor smartMove type: function
[DIAG] Actor smartMove type: function
[DIAG] Actor smartMove type: function
[DIAG] Actor smartMove type: function
[DIAG] Actor smartMove type: function
[DIAG] Actor smartMove type: function
[DIAG] Actor smartMove type: function
[DIAG] Actor smartMove type: function
[DIAG] Actor smartMove type: function
[DIAG] Actor smartMove type: function
[DIAG] Actor smartMove type: function
[DIAG] Actor smartMove type: function
[DIAG] Actor smartMove type: function
[DIAG] Actor smartMove type: function
[DIAG] Actor smartMove type: function
[DIAG] Actor smartMove type: function
[DIAG] Actor smartMove type: function
[DIAG] Actor smartMove type: function
[DIAG] Actor smartMove type: function
[DIAG] Actor smartMove type: function
[DIAG] Actor smartMove type: function
[DIAG] Actor smartMove type: function
[DIAG] Actor smartMove type: function
[DIAG] Actor smartMove type: function
[DIAG] Actor smartMove type: function
[DIAG] Actor smartMove type: function
[DIAG] Actor smartMove type: function
[DIAG] Actor smartMove type: function
[DIAG] Actor smartMove type: function

[90mstdout[2m | new Actor (C:\Users\mooya\develop\test\src\Actor.ts:85:17)
[22m[39m[DIAG] Actor smartMove body snapshot: smartMove(tx, tz, time, depth = 0) {
    if (isNaN(tx) || isNaN(tz)) {
      console.error(`[Actor $
[DIAG] Actor smartMove body snapshot: smartMove(tx, tz, time, depth = 0) {
    if (isNaN(tx) || isNaN(tz)) {
      console.error(`[Actor $
[DIAG] Actor smartMove body snapshot: smartMove(tx, tz, time, depth = 0) {
    if (isNaN(tx) || isNaN(tz)) {
      console.error(`[Actor $
[DIAG] Actor smartMove body snapshot: smartMove(tx, tz, time, depth = 0) {
    if (isNaN(tx) || isNaN(tz)) {
      console.error(`[Actor $
[DIAG] Actor smartMove body snapshot: smartMove(tx, tz, time, depth = 0) {
    if (isNaN(tx) || isNaN(tz)) {
      console.error(`[Actor $
[DIAG] Actor smartMove body snapshot: smartMove(tx, tz, time, depth = 0) {
    if (isNaN(tx) || isNaN(tz)) {
      console.error(`[Actor $
[DIAG] Actor smartMove body snapshot: smartMove(tx, tz, time, depth = 0) {
    if (isNaN(tx) || isNaN(tz)) {
      console.error(`[Actor $
[DIAG] Actor smartMove body snapshot: smartMove(tx, tz, time, depth = 0) {
    if (isNaN(tx) || isNaN(tz)) {
      console.error(`[Actor $
[DIAG] Actor smartMove body snapshot: smartMove(tx, tz, time, depth = 0) {
    if (isNaN(tx) || isNaN(tz)) {
      console.error(`[Actor $
[DIAG] Actor smartMove body snapshot: smartMove(tx, tz, time, depth = 0) {
    if (isNaN(tx) || isNaN(tz)) {
      console.error(`[Actor $
[DIAG] Actor smartMove body snapshot: smartMove(tx, tz, time, depth = 0) {
    if (isNaN(tx) || isNaN(tz)) {
      console.error(`[Actor $
[DIAG] Actor smartMove body snapshot: smartMove(tx, tz, time, depth = 0) {
    if (isNaN(tx) || isNaN(tz)) {
      console.error(`[Actor $
[DIAG] Actor smartMove body snapshot: smartMove(tx, tz, time, depth = 0) {
    if (isNaN(tx) || isNaN(tz)) {
      console.error(`[Actor $
[DIAG] Actor smartMove body snapshot: smartMove(tx, tz, time, depth = 0) {
    if (isNaN(tx) || isNaN(tz)) {
      console.error(`[Actor $
[DIAG] Actor smartMove body snapshot: smartMove(tx, tz, time, depth = 0) {
    if (isNaN(tx) || isNaN(tz)) {
      console.error(`[Actor $
[DIAG] Actor smartMove body snapshot: smartMove(tx, tz, time, depth = 0) {
    if (isNaN(tx) || isNaN(tz)) {
      console.error(`[Actor $
[DIAG] Actor smartMove body snapshot: smartMove(tx, tz, time, depth = 0) {
    if (isNaN(tx) || isNaN(tz)) {
      console.error(`[Actor $
[DIAG] Actor smartMove body snapshot: smartMove(tx, tz, time, depth = 0) {
    if (isNaN(tx) || isNaN(tz)) {
      console.error(`[Actor $
[DIAG] Actor smartMove body snapshot: smartMove(tx, tz, time, depth = 0) {
    if (isNaN(tx) || isNaN(tz)) {
      console.error(`[Actor $
[DIAG] Actor smartMove body snapshot: smartMove(tx, tz, time, depth = 0) {
    if (isNaN(tx) || isNaN(tz)) {
      console.error(`[Actor $
[DIAG] Actor smartMove body snapshot: smartMove(tx, tz, time, depth = 0) {
    if (isNaN(tx) || isNaN(tz)) {
      console.error(`[Actor $
[DIAG] Actor smartMove body snapshot: smartMove(tx, tz, time, depth = 0) {
    if (isNaN(tx) || isNaN(tz)) {
      console.error(`[Actor $
[DIAG] Actor smartMove body snapshot: smartMove(tx, tz, time, depth = 0) {
    if (isNaN(tx) || isNaN(tz)) {
      console.error(`[Actor $
[DIAG] Actor smartMove body snapshot: smartMove(tx, tz, time, depth = 0) {
    if (isNaN(tx) || isNaN(tz)) {
      console.error(`[Actor $
[DIAG] Actor smartMove body snapshot: smartMove(tx, tz, time, depth = 0) {
    if (isNaN(tx) || isNaN(tz)) {
      console.error(`[Actor $
[DIAG] Actor smartMove body snapshot: smartMove(tx, tz, time, depth = 0) {
    if (isNaN(tx) || isNaN(tz)) {
      console.error(`[Actor $
[DIAG] Actor smartMove body snapshot: smartMove(tx, tz, time, depth = 0) {
    if (isNaN(tx) || isNaN(tz)) {
      console.error(`[Actor $
[DIAG] Actor smartMove body snapshot: smartMove(tx, tz, time, depth = 0) {
    if (isNaN(tx) || isNaN(tz)) {
      console.error(`[Actor $
[DIAG] Actor smartMove body snapshot: smartMove(tx, tz, time, depth = 0) {
    if (isNaN(tx) || isNaN(tz)) {
      console.error(`[Actor $
[DIAG] Actor smartMove body snapshot: smartMove(tx, tz, time, depth = 0) {
    if (isNaN(tx) || isNaN(tz)) {
      console.error(`[Actor $
[DIAG] Actor smartMove body snapshot: smartMove(tx, tz, time, depth = 0) {
    if (isNaN(tx) || isNaN(tz)) {
      console.error(`[Actor $
[DIAG] Actor smartMove body snapshot: smartMove(tx, tz, time, depth = 0) {
    if (isNaN(tx) || isNaN(tz)) {
      console.error(`[Actor $
[DIAG] Actor smartMove body snapshot: smartMove(tx, tz, time, depth = 0) {
    if (isNaN(tx) || isNaN(tz)) {
      console.error(`[Actor $
[DIAG] Actor smartMove body snapshot: smartMove(tx, tz, time, depth = 0) {
    if (isNaN(tx) || isNaN(tz)) {
      console.error(`[Actor $
[DIAG] Actor smartMove body snapshot: smartMove(tx, tz, time, depth = 0) {
    if (isNaN(tx) || isNaN(tz)) {
      console.error(`[Actor $
[DIAG] Actor smartMove body snapshot: smartMove(tx, tz, time, depth = 0) {
    if (isNaN(tx) || isNaN(tz)) {
      console.error(`[Actor $
[DIAG] Actor smartMove body snapshot: smartMove(tx, tz, time, depth = 0) {
    if (isNaN(tx) || isNaN(tz)) {
      console.error(`[Actor $
[DIAG] Actor smartMove body snapshot: smartMove(tx, tz, time, depth = 0) {
    if (isNaN(tx) || isNaN(tz)) {
      console.error(`[Actor $
[DIAG] Actor smartMove body snapshot: smartMove(tx, tz, time, depth = 0) {
    if (isNaN(tx) || isNaN(tz)) {
      console.error(`[Actor $
[DIAG] Actor smartMove body snapshot: smartMove(tx, tz, time, depth = 0) {
    if (isNaN(tx) || isNaN(tz)) {
      console.error(`[Actor $
[DIAG] Actor smartMove body snapshot: smartMove(tx, tz, time, depth = 0) {
    if (isNaN(tx) || isNaN(tz)) {
      console.error(`[Actor $
[DIAG] Actor smartMove body snapshot: smartMove(tx, tz, time, depth = 0) {
    if (isNaN(tx) || isNaN(tz)) {
      console.error(`[Actor $
[DIAG] Actor smartMove body snapshot: smartMove(tx, tz, time, depth = 0) {
    if (isNaN(tx) || isNaN(tz)) {
      console.error(`[Actor $
[DIAG] Actor smartMove body snapshot: smartMove(tx, tz, time, depth = 0) {
    if (isNaN(tx) || isNaN(tz)) {
      console.error(`[Actor $
[DIAG] Actor smartMove body snapshot: smartMove(tx, tz, time, depth = 0) {
    if (isNaN(tx) || isNaN(tz)) {
      console.error(`[Actor $
[DIAG] Actor smartMove body snapshot: smartMove(tx, tz, time, depth = 0) {
    if (isNaN(tx) || isNaN(tz)) {
      console.error(`[Actor $
[DIAG] Actor smartMove body snapshot: smartMove(tx, tz, time, depth = 0) {
    if (isNaN(tx) || isNaN(tz)) {
      console.error(`[Actor $
[DIAG] Actor smartMove body snapshot: smartMove(tx, tz, time, depth = 0) {
    if (isNaN(tx) || isNaN(tz)) {
      console.error(`[Actor $
[DIAG] Actor smartMove body snapshot: smartMove(tx, tz, time, depth = 0) {
    if (isNaN(tx) || isNaN(tz)) {
      console.error(`[Actor $
[DIAG] Actor smartMove body snapshot: smartMove(tx, tz, time, depth = 0) {
    if (isNaN(tx) || isNaN(tz)) {
      console.error(`[Actor $
[DIAG] Actor smartMove body snapshot: smartMove(tx, tz, time, depth = 0) {
    if (isNaN(tx) || isNaN(tz)) {
      console.error(`[Actor $
[DIAG] Actor smartMove body snapshot: smartMove(tx, tz, time, depth = 0) {
    if (isNaN(tx) || isNaN(tz)) {
      console.error(`[Actor $
[DIAG] Actor smartMove body snapshot: smartMove(tx, tz, time, depth = 0) {
    if (isNaN(tx) || isNaN(tz)) {
      console.error(`[Actor $
[DIAG] Actor smartMove body snapshot: smartMove(tx, tz, time, depth = 0) {
    if (isNaN(tx) || isNaN(tz)) {
      console.error(`[Actor $
[DIAG] Actor smartMove body snapshot: smartMove(tx, tz, time, depth = 0) {
    if (isNaN(tx) || isNaN(tz)) {
      console.error(`[Actor $
[DIAG] Actor smartMove body snapshot: smartMove(tx, tz, time, depth = 0) {
    if (isNaN(tx) || isNaN(tz)) {
      console.error(`[Actor $
[DIAG] Actor smartMove body snapshot: smartMove(tx, tz, time, depth = 0) {
    if (isNaN(tx) || isNaN(tz)) {
      console.error(`[Actor $
[DIAG] Actor smartMove body snapshot: smartMove(tx, tz, time, depth = 0) {
    if (isNaN(tx) || isNaN(tz)) {
      console.error(`[Actor $
[DIAG] Actor smartMove body snapshot: smartMove(tx, tz, time, depth = 0) {
    if (isNaN(tx) || isNaN(tz)) {
      console.error(`[Actor $
[DIAG] Actor smartMove body snapshot: smartMove(tx, tz, time, depth = 0) {
    if (isNaN(tx) || isNaN(tz)) {
      console.error(`[Actor $
[DIAG] Actor smartMove body snapshot: smartMove(tx, tz, time, depth = 0) {
    if (isNaN(tx) || isNaN(tz)) {
      console.error(`[Actor $
[DIAG] Actor smartMove body snapshot: smartMove(tx, tz, time, depth = 0) {
    if (isNaN(tx) || isNaN(tz)) {
      console.error(`[Actor $
[DIAG] Actor smartMove body snapshot: smartMove(tx, tz, time, depth = 0) {
    if (isNaN(tx) || isNaN(tz)) {
      console.error(`[Actor $
[DIAG] Actor smartMove body snapshot: smartMove(tx, tz, time, depth = 0) {
    if (isNaN(tx) || isNaN(tz)) {
      console.error(`[Actor $
[DIAG] Actor smartMove body snapshot: smartMove(tx, tz, time, depth = 0) {
    if (isNaN(tx) || isNaN(tz)) {
      console.error(`[Actor $
[DIAG] Actor smartMove body snapshot: smartMove(tx, tz, time, depth = 0) {
    if (isNaN(tx) || isNaN(tz)) {
      console.error(`[Actor $
[DIAG] Actor smartMove body snapshot: smartMove(tx, tz, time, depth = 0) {
    if (isNaN(tx) || isNaN(tz)) {
      console.error(`[Actor $
[DIAG] Actor smartMove body snapshot: smartMove(tx, tz, time, depth = 0) {
    if (isNaN(tx) || isNaN(tz)) {
      console.error(`[Actor $
[DIAG] Actor smartMove body snapshot: smartMove(tx, tz, time, depth = 0) {
    if (isNaN(tx) || isNaN(tz)) {
      console.error(`[Actor $
[DIAG] Actor smartMove body snapshot: smartMove(tx, tz, time, depth = 0) {
    if (isNaN(tx) || isNaN(tz)) {
      console.error(`[Actor $
[DIAG] Actor smartMove body snapshot: smartMove(tx, tz, time, depth = 0) {
    if (isNaN(tx) || isNaN(tz)) {
      console.error(`[Actor $
[DIAG] Actor smartMove body snapshot: smartMove(tx, tz, time, depth = 0) {
    if (isNaN(tx) || isNaN(tz)) {
      console.error(`[Actor $
[DIAG] Actor smartMove body snapshot: smartMove(tx, tz, time, depth = 0) {
    if (isNaN(tx) || isNaN(tz)) {
      console.error(`[Actor $
[DIAG] Actor smartMove body snapshot: smartMove(tx, tz, time, depth = 0) {
    if (isNaN(tx) || isNaN(tz)) {
      console.error(`[Actor $
[DIAG] Actor smartMove body snapshot: smartMove(tx, tz, time, depth = 0) {
    if (isNaN(tx) || isNaN(tz)) {
      console.error(`[Actor $
[DIAG] Actor smartMove body snapshot: smartMove(tx, tz, time, depth = 0) {
    if (isNaN(tx) || isNaN(tz)) {
      console.error(`[Actor $
[DIAG] Actor smartMove body snapshot: smartMove(tx, tz, time, depth = 0) {
    if (isNaN(tx) || isNaN(tz)) {
      console.error(`[Actor $
[DIAG] Actor smartMove body snapshot: smartMove(tx, tz, time, depth = 0) {
    if (isNaN(tx) || isNaN(tz)) {
      console.error(`[Actor $
[DIAG] Actor smartMove body snapshot: smartMove(tx, tz, time, depth = 0) {
    if (isNaN(tx) || isNaN(tz)) {
      console.error(`[Actor $
[DIAG] Actor smartMove body snapshot: smartMove(tx, tz, time, depth = 0) {
    if (isNaN(tx) || isNaN(tz)) {
      console.error(`[Actor $
[DIAG] Actor smartMove body snapshot: smartMove(tx, tz, time, depth = 0) {
    if (isNaN(tx) || isNaN(tz)) {
      console.error(`[Actor $
[DIAG] Actor smartMove body snapshot: smartMove(tx, tz, time, depth = 0) {
    if (isNaN(tx) || isNaN(tz)) {
      console.error(`[Actor $
[DIAG] Actor smartMove body snapshot: smartMove(tx, tz, time, depth = 0) {
    if (isNaN(tx) || isNaN(tz)) {
      console.error(`[Actor $
[DIAG] Actor smartMove body snapshot: smartMove(tx, tz, time, depth = 0) {
    if (isNaN(tx) || isNaN(tz)) {
      console.error(`[Actor $
[DIAG] Actor smartMove body snapshot: smartMove(tx, tz, time, depth = 0) {
    if (isNaN(tx) || isNaN(tz)) {
      console.error(`[Actor $

[90mstdout[2m | FishManager.init (C:\Users\mooya\develop\test\src\FishManager.js:39:17)
[22m[39mSpawned initial fish.

[90mstdout[2m | SeaDecorationRenderer.init (C:\Users\mooya\develop\test\src\SeaDecorationRenderer.js:18:17)
[22m[39m[SeaDecorationRenderer] Initializing Assets...

