src/ai/states/UnitStates.ts(94,71): error TS2339: Property 'game' does not exist on type 'Window & typeof globalThis'.
src/ai/states/UnitStates.ts(94,86): error TS2339: Property 'game' does not exist on type 'Window & typeof globalThis'.
src/ai/states/UnitStates.ts(101,24): error TS2339: Property 'game' does not exist on type 'Window & typeof globalThis'.
src/ai/states/UnitStates.ts(102,39): error TS2339: Property 'game' does not exist on type 'Window & typeof globalThis'.
src/ai/states/UnitStates.ts(104,32): error TS2339: Property 'game' does not exist on type 'Window & typeof globalThis'.
src/ai/states/UnitStates.ts(124,20): error TS2339: Property 'game' does not exist on type 'Window & typeof globalThis'.
src/ai/states/UnitStates.ts(125,32): error TS2339: Property 'game' does not exist on type 'Window & typeof globalThis'.
src/ai/states/UnitStates.ts(127,28): error TS2339: Property 'game' does not exist on type 'Window & typeof globalThis'.
src/ai/states/UnitStates.ts(387,28): error TS2339: Property 'game' does not exist on type 'Window & typeof globalThis'.
src/ai/states/UnitStates.ts(387,41): error TS2339: Property 'game' does not exist on type 'Window & typeof globalThis'.
src/ai/states/UnitStates.ts(397,28): error TS2339: Property 'game' does not exist on type 'Window & typeof globalThis'.
src/ai/states/UnitStates.ts(397,41): error TS2339: Property 'game' does not exist on type 'Window & typeof globalThis'.
src/ai/states/UnitStates.ts(402,28): error TS2339: Property 'game' does not exist on type 'Window & typeof globalThis'.
src/ai/states/UnitStates.ts(403,41): error TS2339: Property 'game' does not exist on type 'Window & typeof globalThis'.
src/ai/states/UnitStates.ts(404,40): error TS2339: Property 'game' does not exist on type 'Window & typeof globalThis'.
src/ai/states/UnitStates.ts(452,28): error TS2339: Property 'game' does not exist on type 'Window & typeof globalThis'.
src/ai/states/UnitStates.ts(452,41): error TS2339: Property 'game' does not exist on type 'Window & typeof globalThis'.
src/ai/states/UnitStates.ts(461,28): error TS2339: Property 'game' does not exist on type 'Window & typeof globalThis'.
src/ai/states/UnitStates.ts(462,41): error TS2339: Property 'game' does not exist on type 'Window & typeof globalThis'.
src/ai/states/UnitStates.ts(463,40): error TS2339: Property 'game' does not exist on type 'Window & typeof globalThis'.
src/ai/states/UnitStates.ts(523,60): error TS2339: Property 'game' does not exist on type 'Window & typeof globalThis'.
src/ai/states/UnitStates.ts(569,60): error TS2339: Property 'game' does not exist on type 'Window & typeof globalThis'.
src/ai/states/UnitStates.ts(588,60): error TS2339: Property 'game' does not exist on type 'Window & typeof globalThis'.
src/ai/states/UnitStates.ts(660,24): error TS2339: Property 'game' does not exist on type 'Window & typeof globalThis'.
src/ai/states/UnitStates.ts(660,39): error TS2339: Property 'game' does not exist on type 'Window & typeof globalThis'.
src/ai/states/UnitStates.ts(662,24): error TS2339: Property 'game' does not exist on type 'Window & typeof globalThis'.
src/ai/states/UnitStates.ts(709,52): error TS2339: Property 'game' does not exist on type 'Window & typeof globalThis'.
src/ai/states/UnitStates.ts(710,35): error TS2339: Property 'game' does not exist on type 'Window & typeof globalThis'.
src/ai/states/UnitStates.ts(712,28): error TS2339: Property 'game' does not exist on type 'Window & typeof globalThis'.
src/ai/states/UnitStates.ts(721,58): error TS2339: Property 'game' does not exist on type 'Window & typeof globalThis'.
src/ai/states/UnitStates.ts(898,59): error TS2339: Property 'game' does not exist on type 'Window & typeof globalThis'.
src/ai/states/UnitStates.ts(898,74): error TS2339: Property 'game' does not exist on type 'Window & typeof globalThis'.
src/ai/states/UnitStates.ts(899,32): error TS2339: Property 'game' does not exist on type 'Window & typeof globalThis'.
src/ai/states/UnitStates.ts(926,49): error TS2339: Property 'game' does not exist on type 'Window & typeof globalThis'.
src/ai/states/UnitStates.ts(926,64): error TS2339: Property 'game' does not exist on type 'Window & typeof globalThis'.
src/ai/states/UnitStates.ts(949,52): error TS2339: Property 'game' does not exist on type 'Window & typeof globalThis'.
src/ai/states/UnitStates.ts(950,35): error TS2339: Property 'game' does not exist on type 'Window & typeof globalThis'.
src/ai/states/UnitStates.ts(952,28): error TS2339: Property 'game' does not exist on type 'Window & typeof globalThis'.
